Fatal error: exception Failure("cant change global a type")
