6.12
3.1415
2.21
9.0001
123
5.6
3.111
12356
abc
1
2
3
4
5
6
7
8
9
10
