Fatal error: exception Failure("builtin fun print does not accept such params")
