1234
3.1415
[ 8, 9, 1, 10 ]
true
(5, hello, 3.131535)
[ [ 8, 9, 1, 10 ][ 1, 2, 3, 4, 5 ] ]
