Fatal error: exception Failure("global d not found")
