Fatal error: exception Failure("fun sum used but never declared")
